BL51 BANKED LINKER/LOCATER V6.22                                                        06/01/2023  11:46:38  PAGE 1


BL51 BANKED LINKER/LOCATER V6.22, INVOKED BY:
D:\\C51\BIN\BL51.EXE STARTUP.obj, main.obj TO proj2_test


MEMORY MODEL: SMALL WITH FLOATING POINT ARITHMETIC


INPUT MODULES INCLUDED:
  STARTUP.obj (?C_STARTUP)
  main.obj (MAIN)
  D:\\C51\LIB\C51FPS.LIB (?C?FPADD)
  D:\\C51\LIB\C51FPS.LIB (?C?FPMUL)
  D:\\C51\LIB\C51FPS.LIB (?C?FPDIV)
  D:\\C51\LIB\C51FPS.LIB (?C?FPCMP)
  D:\\C51\LIB\C51FPS.LIB (?C?FCAST)
  D:\\C51\LIB\C51FPS.LIB (?C?CASTF)
  D:\\C51\LIB\C51FPS.LIB (LOG)
  D:\\C51\LIB\C51FPS.LIB (?C?FPGETOPN)
  D:\\C51\LIB\C51FPS.LIB (?C?FPSERIES)
  D:\\C51\LIB\C51S.LIB (?C_INIT)
  D:\\C51\LIB\C51S.LIB (?C?SIDIV)
  D:\\C51\LIB\C51S.LIB (?C?LNEG)
  D:\\C51\LIB\C51S.LIB (?C?LLDCODE)
  D:\\C51\LIB\C51S.LIB (?C?LLDCODE0)
  D:\\C51\LIB\C51S.LIB (?C?UIDIV)


LINK MAP OF MODULE:  proj2_test (?C_STARTUP)


            TYPE    BASE      LENGTH    RELOCATION   SEGMENT NAME
            -----------------------------------------------------

            * * * * * * *   D A T A   M E M O R Y   * * * * * * *
            REG     0000H     0008H     ABSOLUTE     "REG BANK 0"
            DATA    0008H     000EH     UNIT         _DATA_GROUP_
                    0016H     000AH                  *** GAP ***
            BIT     0020H.0   0000H.1   UNIT         _BIT_GROUP_
                    0020H.1   0000H.7                *** GAP ***
            DATA    0021H     002BH     UNIT         ?DT?MAIN
            IDATA   004CH     0001H     UNIT         ?STACK

            * * * * * * *  X D A T A   M E M O R Y  * * * * * * *
            XDATA   0000H     1F40H     UNIT         ?XD?MAIN

            * * * * * * *   C O D E   M E M O R Y   * * * * * * *
            CODE    0000H     0003H     ABSOLUTE     
                    0003H     0008H                  *** GAP ***
            CODE    000BH     0003H     ABSOLUTE     
            CODE    000EH     04D0H     UNIT         ?C?LIB_CODE
            CODE    04DEH     0135H     UNIT         ?PR?LOG?LOG
            CODE    0613H     012CH     UNIT         ?PR?_FDISP_FLOAT?MAIN
            CODE    073FH     008CH     UNIT         ?C_C51STARTUP
            CODE    07CBH     007DH     UNIT         ?PR?DSPTASK?MAIN
            CODE    0848H     007BH     UNIT         ?PR?_FDISP_NUM?MAIN
            CODE    08C3H     0066H     UNIT         ?PR?AMP_MEASURE?MAIN
            CODE    0929H     0056H     UNIT         ?C_INITSEG
            CODE    097FH     0050H     UNIT         ?PR?MAIN?MAIN
BL51 BANKED LINKER/LOCATER V6.22                                                      06/01/2023  11:46:38  PAGE 2


            CODE    09CFH     0047H     UNIT         ?PR?_DA_DISPLAY?MAIN
            CODE    0A16H     0047H     UNIT         ?PR?TIMER_ISR?MAIN
            CODE    0A5DH     0032H     UNIT         ?PR?CLEAR?MAIN
            CODE    0A8FH     0030H     UNIT         ?PR?MODEL_SELECT?MAIN
            CODE    0ABFH     002EH     UNIT         ?PR?AD_SAVE?MAIN
            CODE    0AEDH     001FH     UNIT         ?PR?AD_GET?MAIN
            CODE    0B0CH     0017H     UNIT         ?PR?KEY_SERVICE?MAIN
            CODE    0B23H     0013H     UNIT         ?PR?INIT_SPECIAL_INTERRUPTS?MAIN
            CODE    0B36H     0011H     UNIT         ?PR?INIT_TIMER0?MAIN
            CODE    0B47H     000DH     UNIT         ?PR?INIT_AD?MAIN



OVERLAY MAP OF MODULE:   proj2_test (?C_STARTUP)


SEGMENT                                     BIT_GROUP          DATA_GROUP 
  +--> CALLED SEGMENT                    START    LENGTH     START    LENGTH
----------------------------------------------------------------------------
?C_C51STARTUP                            -----    -----      -----    -----
  +--> ?PR?MAIN?MAIN
  +--> ?C_INITSEG

?PR?MAIN?MAIN                            -----    -----      -----    -----
  +--> ?PR?INIT_TIMER0?MAIN
  +--> ?PR?INIT_SPECIAL_INTERRUPTS?MAIN
  +--> ?PR?INIT_AD?MAIN
  +--> ?PR?DSPTASK?MAIN
  +--> ?PR?KEY_SERVICE?MAIN
  +--> ?PR?MODEL_SELECT?MAIN
  +--> ?PR?_FDISP_NUM?MAIN
  +--> ?PR?CLEAR?MAIN

?PR?MODEL_SELECT?MAIN                    -----    -----      -----    -----
  +--> ?PR?AMP_MEASURE?MAIN

?PR?AMP_MEASURE?MAIN                     -----    -----      -----    -----
  +--> ?PR?_FDISP_FLOAT?MAIN

?PR?_FDISP_FLOAT?MAIN                    -----    -----      0008H    000AH
  +--> ?PR?LOG?LOG
  +--> ?PR?_FDISP_NUM?MAIN

?PR?LOG?LOG                              0020H.0  0000H.1    0012H    0004H

?PR?_FDISP_NUM?MAIN                      -----    -----      0012H    0004H

?PR?CLEAR?MAIN                           -----    -----      -----    -----
  +--> ?PR?_FDISP_FLOAT?MAIN

*** NEW ROOT ***************************************************

?PR?TIMER_ISR?MAIN                       -----    -----      -----    -----
  +--> ?PR?AD_GET?MAIN
  +--> ?PR?AD_SAVE?MAIN
  +--> ?PR?_DA_DISPLAY?MAIN

BL51 BANKED LINKER/LOCATER V6.22                                                      06/01/2023  11:46:38  PAGE 3




SYMBOL TABLE OF MODULE:  proj2_test (?C_STARTUP)

  VALUE           TYPE          NAME
  ----------------------------------

  -------         MODULE        ?C_STARTUP
  C:073FH         SEGMENT       ?C_C51STARTUP
  I:004CH         SEGMENT       ?STACK
  C:0000H         PUBLIC        ?C_STARTUP
  D:00E0H         SYMBOL        ACC
  D:00F0H         SYMBOL        B
  D:0083H         SYMBOL        DPH
  D:0082H         SYMBOL        DPL
  N:0000H         SYMBOL        IBPSTACK
  N:0100H         SYMBOL        IBPSTACKTOP
  N:0080H         SYMBOL        IDATALEN
  C:0742H         SYMBOL        IDATALOOP
  N:0000H         SYMBOL        PBPSTACK
  N:0100H         SYMBOL        PBPSTACKTOP
  N:0000H         SYMBOL        PDATALEN
  N:0000H         SYMBOL        PDATASTART
  N:0000H         SYMBOL        PPAGE
  N:0000H         SYMBOL        PPAGEENABLE
  D:00A0H         SYMBOL        PPAGE_SFR
  D:0081H         SYMBOL        SP
  C:073FH         SYMBOL        STARTUP1
  N:0000H         SYMBOL        XBPSTACK
  N:0000H         SYMBOL        XBPSTACKTOP
  N:0000H         SYMBOL        XDATALEN
  N:0000H         SYMBOL        XDATASTART
  C:0000H         LINE#         126
  C:073FH         LINE#         133
  C:0741H         LINE#         134
  C:0742H         LINE#         135
  C:0743H         LINE#         136
  C:0745H         LINE#         185
  C:0748H         LINE#         196
  -------         ENDMOD        ?C_STARTUP

  -------         MODULE        MAIN
  C:0000H         SYMBOL        _ICE_DUMMY_
  C:07CBH         PUBLIC        dsptask
  D:0080H         PUBLIC        P0
  D:0090H         PUBLIC        P1
  D:00A0H         PUBLIC        P2
  D:00B0H         PUBLIC        P3
  D:00C0H         PUBLIC        P4
  D:00C8H         PUBLIC        P5
  D:0021H         PUBLIC        adamp
  B:00A8H.7       PUBLIC        EA
  D:0025H         PUBLIC        dspbuf
  C:0A5DH         PUBLIC        clear
  D:00A8H         PUBLIC        IE
  B:0090H.0       PUBLIC        D_SER
  C:0613H         PUBLIC        _fdisp_float
BL51 BANKED LINKER/LOCATER V6.22                                                      06/01/2023  11:46:38  PAGE 4


  D:0029H         PUBLIC        model
  D:00BDH         PUBLIC        ADC_RES
  D:002BH         PUBLIC        ad_p
  D:002DH         PUBLIC        da_p
  C:08C3H         PUBLIC        amp_measure
  B:00A8H.4       PUBLIC        ES
  D:00B8H         PUBLIC        IP
  D:0097H         PUBLIC        CLK_DIV
  C:09CFH         PUBLIC        _da_display
  C:0B0CH         PUBLIC        key_service
  B:00B8H.4       PUBLIC        PS
  D:00D8H         PUBLIC        CCON
  B:0090H.1       PUBLIC        D_SRCLK
  C:097FH         PUBLIC        main
  D:002FH         PUBLIC        clearflag
  D:0031H         PUBLIC        ampl
  D:0033H         PUBLIC        save_flag
  D:0035H         PUBLIC        disp_flag
  D:00BCH         PUBLIC        ADC_CONTR
  D:0098H         PUBLIC        SCON
  D:0089H         PUBLIC        TMOD
  D:0088H         PUBLIC        TCON
  D:0037H         PUBLIC        save_count
  D:0039H         PUBLIC        disp_count
  D:003BH         PUBLIC        amp
  X:0000H         PUBLIC        da_data
  D:003DH         PUBLIC        sel
  C:0B23H         PUBLIC        init_special_interrupts
  D:00E0H         PUBLIC        ACC
  B:00A8H.1       PUBLIC        ET0
  B:00A8H.3       PUBLIC        ET1
  C:084CH         PUBLIC        _fdisp_num
  D:003EH         PUBLIC        intr_count
  D:008CH         PUBLIC        TH0
  B:00A8H.0       PUBLIC        EX0
  B:00A8H.2       PUBLIC        EX1
  D:008AH         PUBLIC        TL0
  B:0090H.2       PUBLIC        D_RCLK
  D:003FH         PUBLIC        ii
  C:0A16H         PUBLIC        timer_isr
  B:00B8H.1       PUBLIC        PT0
  B:0088H.4       PUBLIC        TR0
  C:0ABFH         PUBLIC        ad_save
  B:0090H.4       PUBLIC        Y
  B:00B8H.2       PUBLIC        PX1
  C:0B47H         PUBLIC        init_ad
  D:009DH         PUBLIC        P1ASF
  D:0041H         PUBLIC        daplayback_p
  C:0AEDH         PUBLIC        ad_get
  B:00B0H.5       PUBLIC        KEY
  D:0043H         PUBLIC        adresult
  C:0B36H         PUBLIC        init_timer0
  D:00A2H         PUBLIC        AUXR1
  D:0045H         PUBLIC        key_sta
  D:0046H         PUBLIC        dspcount
  C:0A8FH         PUBLIC        model_select
  D:00D0H         PUBLIC        PSW
BL51 BANKED LINKER/LOCATER V6.22                                                      06/01/2023  11:46:38  PAGE 5


  D:0048H         PUBLIC        key_num
  D:004AH         PUBLIC        dag_p
  -------         PROC          INIT_TIMER0
  C:0B36H         LINE#         29
  C:0B36H         LINE#         30
  C:0B36H         LINE#         31
  C:0B39H         LINE#         32
  C:0B3CH         LINE#         33
  C:0B3FH         LINE#         34
  C:0B42H         LINE#         35
  C:0B44H         LINE#         36
  C:0B46H         LINE#         37
  -------         ENDPROC       INIT_TIMER0
  -------         PROC          INIT_AD
  C:0B47H         LINE#         39
  C:0B47H         LINE#         40
  C:0B47H         LINE#         41
  C:0B4AH         LINE#         42
  C:0B4DH         LINE#         43
  C:0B50H         LINE#         44
  C:0B53H         LINE#         45
  -------         ENDPROC       INIT_AD
  -------         PROC          INIT_SPECIAL_INTERRUPTS
  C:0B23H         LINE#         47
  C:0B23H         LINE#         48
  C:0B23H         LINE#         49
  C:0B25H         LINE#         50
  C:0B27H         LINE#         51
  C:0B29H         LINE#         52
  C:0B2BH         LINE#         53
  C:0B2DH         LINE#         54
  C:0B2FH         LINE#         55
  C:0B31H         LINE#         56
  C:0B33H         LINE#         57
  C:0B35H         LINE#         58
  -------         ENDPROC       INIT_SPECIAL_INTERRUPTS
  -------         PROC          DSPTASK
  -------         DO            
  D:0005H         SYMBOL        i
  D:0007H         SYMBOL        a
  D:0006H         SYMBOL        b
  -------         ENDDO         
  C:07CBH         LINE#         60
  C:07CBH         LINE#         61
  C:07CBH         LINE#         64
  C:07DAH         LINE#         65
  C:07DAH         LINE#         66
  C:07DAH         LINE#         67
  C:07DCH         LINE#         68
  C:07DEH         LINE#         69
  C:07DEH         LINE#         70
  C:07E0H         LINE#         71
  C:07E2H         LINE#         72
  C:07E2H         LINE#         73
  C:07E4H         LINE#         74
  C:07E6H         LINE#         75
  C:07E6H         LINE#         76
BL51 BANKED LINKER/LOCATER V6.22                                                      06/01/2023  11:46:38  PAGE 6


  C:07E8H         LINE#         77
  C:07EAH         LINE#         78
  C:07EAH         LINE#         79
  C:07ECH         LINE#         80
  C:07ECH         LINE#         81
  C:07ECH         LINE#         82
  C:07F0H         LINE#         83
  C:07F0H         LINE#         84
  C:07F4H         LINE#         85
  C:07F8H         LINE#         87
  C:07FAH         LINE#         88
  C:07FCH         LINE#         89
  C:07FEH         LINE#         90
  C:0800H         LINE#         91
  C:0804H         LINE#         92
  C:0807H         LINE#         93
  C:080BH         LINE#         94
  C:0812H         LINE#         95
  C:0819H         LINE#         96
  C:081BH         LINE#         97
  C:0822H         LINE#         98
  C:0825H         LINE#         99
  C:0829H         LINE#         100
  C:0829H         LINE#         101
  C:082DH         LINE#         102
  C:0831H         LINE#         104
  C:0833H         LINE#         105
  C:0835H         LINE#         106
  C:0837H         LINE#         107
  C:0839H         LINE#         108
  C:083DH         LINE#         109
  C:083DH         LINE#         110
  C:0841H         LINE#         111
  C:0843H         LINE#         112
  C:0845H         LINE#         113
  C:0847H         LINE#         114
  -------         ENDPROC       DSPTASK
  -------         PROC          KEY_SERVICE
  C:0B0CH         LINE#         116
  C:0B0CH         LINE#         117
  C:0B0CH         LINE#         118
  C:0B11H         LINE#         120
  C:0B14H         LINE#         121
  C:0B14H         LINE#         122
  C:0B1FH         LINE#         123
  C:0B22H         LINE#         124
  C:0B22H         LINE#         125
  -------         ENDPROC       KEY_SERVICE
  C:0848H         SYMBOL        L?0100
  -------         PROC          L?0099
  -------         ENDPROC       L?0099
  C:0848H         SYMBOL        L?0100
  -------         PROC          _FDISP_NUM
  D:0012H         SYMBOL        float_flag
  D:0014H         SYMBOL        i
  D:0002H         SYMBOL        n
  -------         DO            
BL51 BANKED LINKER/LOCATER V6.22                                                      06/01/2023  11:46:38  PAGE 7


  D:0001H         SYMBOL        c
  -------         ENDDO         
  C:084CH         LINE#         127
  C:0854H         LINE#         128
  C:0854H         LINE#         130
  C:0886H         LINE#         131
  C:0886H         LINE#         132
  C:0886H         LINE#         133
  C:0888H         LINE#         134
  C:088AH         LINE#         135
  C:088AH         LINE#         136
  C:088CH         LINE#         137
  C:088EH         LINE#         138
  C:088EH         LINE#         139
  C:0890H         LINE#         140
  C:0892H         LINE#         141
  C:0892H         LINE#         142
  C:0894H         LINE#         143
  C:0896H         LINE#         144
  C:0896H         LINE#         145
  C:0898H         LINE#         146
  C:089AH         LINE#         147
  C:089AH         LINE#         148
  C:089CH         LINE#         149
  C:089EH         LINE#         150
  C:089EH         LINE#         151
  C:08A0H         LINE#         152
  C:08A2H         LINE#         153
  C:08A2H         LINE#         154
  C:08A4H         LINE#         155
  C:08A6H         LINE#         156
  C:08A6H         LINE#         157
  C:08A8H         LINE#         158
  C:08AAH         LINE#         159
  C:08AAH         LINE#         160
  C:08ACH         LINE#         161
  C:08AEH         LINE#         162
  C:08AEH         LINE#         163
  C:08B0H         LINE#         164
  C:08B0H         LINE#         165
  C:08B8H         LINE#         166
  C:08B8H         LINE#         167
  C:08BBH         LINE#         168
  C:08BBH         LINE#         169
  C:08C2H         LINE#         170
  -------         ENDPROC       _FDISP_NUM
  -------         PROC          AD_GET
  -------         DO            
  D:0006H         SYMBOL        i
  -------         ENDDO         
  C:0AEDH         LINE#         172
  C:0AEDH         LINE#         173
  C:0AEDH         LINE#         174
  C:0AF0H         LINE#         175
  C:0AF2H         LINE#         176
  C:0AF5H         LINE#         177
  C:0AF5H         LINE#         178
BL51 BANKED LINKER/LOCATER V6.22                                                      06/01/2023  11:46:38  PAGE 8


  C:0AF5H         LINE#         179
  C:0AF6H         LINE#         180
  C:0B01H         LINE#         181
  C:0B01H         LINE#         182
  C:0B04H         LINE#         183
  C:0B0BH         LINE#         184
  -------         ENDPROC       AD_GET
  -------         PROC          AD_SAVE
  C:0ABFH         LINE#         186
  C:0ABFH         LINE#         187
  C:0ABFH         LINE#         188
  C:0AC1H         LINE#         189
  C:0AD6H         LINE#         190
  C:0ADEH         LINE#         191
  C:0AE7H         LINE#         192
  C:0AE7H         LINE#         193
  C:0AECH         LINE#         194
  C:0AECH         LINE#         195
  -------         ENDPROC       AD_SAVE
  -------         PROC          _DA_DISPLAY
  D:0006H         SYMBOL        disp_flag
  C:09CFH         LINE#         197
  C:09CFH         LINE#         198
  C:09CFH         LINE#         199
  C:09D5H         LINE#         200
  C:09D5H         LINE#         201
  C:09E6H         LINE#         202
  C:09F1H         LINE#         203
  C:09F9H         LINE#         204
  C:09F9H         LINE#         205
  C:09FDH         LINE#         206
  C:0A05H         LINE#         207
  C:0A05H         LINE#         208
  C:0A10H         LINE#         209
  C:0A10H         LINE#         210
  C:0A15H         LINE#         211
  C:0A15H         LINE#         212
  C:0A15H         LINE#         213
  -------         ENDPROC       _DA_DISPLAY
  -------         PROC          _FDISP_FLOAT
  D:0008H         SYMBOL        n
  -------         DO            
  D:000CH         SYMBOL        i
  D:0006H         SYMBOL        order
  D:000EH         SYMBOL        n_int
  D:0010H         SYMBOL        s
  -------         ENDDO         
  C:0613H         LINE#         215
  C:061BH         LINE#         216
  C:061BH         LINE#         219
  C:0621H         LINE#         220
  C:062CH         LINE#         221
  C:062CH         LINE#         222
  C:0632H         LINE#         223
  C:064BH         LINE#         224
  C:0651H         LINE#         225
  C:0651H         LINE#         226
BL51 BANKED LINKER/LOCATER V6.22                                                      06/01/2023  11:46:38  PAGE 9


  C:0660H         LINE#         227
  C:0670H         LINE#         228
  C:0670H         LINE#         229
  C:0672H         LINE#         230
  C:0674H         LINE#         232
  C:0674H         LINE#         233
  C:067AH         LINE#         234
  C:067AH         LINE#         235
  C:0689H         LINE#         236
  C:069BH         LINE#         237
  C:069BH         LINE#         239
  C:069BH         LINE#         240
  C:06ADH         LINE#         241
  C:06ADH         LINE#         242
  C:06B0H         LINE#         243
  C:06CAH         LINE#         244
  C:06CCH         LINE#         246
  C:06CCH         LINE#         247
  C:06CFH         LINE#         248
  C:06CFH         LINE#         249
  C:06D5H         LINE#         250
  C:06D5H         LINE#         251
  C:06E4H         LINE#         252
  C:06F4H         LINE#         253
  C:06F4H         LINE#         254
  C:06F6H         LINE#         255
  C:06F8H         LINE#         257
  C:06F8H         LINE#         258
  C:06FEH         LINE#         259
  C:06FEH         LINE#         260
  C:072BH         LINE#         261
  C:073EH         LINE#         262
  C:073EH         LINE#         263
  -------         ENDPROC       _FDISP_FLOAT
  -------         PROC          AMP_MEASURE
  C:08C3H         LINE#         265
  C:08C3H         LINE#         266
  C:08C3H         LINE#         267
  C:08EDH         LINE#         268
  C:0913H         LINE#         269
  C:091BH         LINE#         270
  C:0921H         LINE#         271
  C:0921H         LINE#         272
  C:0925H         LINE#         273
  C:0928H         LINE#         274
  C:0928H         LINE#         275
  -------         ENDPROC       AMP_MEASURE
  -------         PROC          CLEAR
  -------         DO            
  D:0006H         SYMBOL        ram_p
  -------         ENDDO         
  C:0A5DH         LINE#         277
  C:0A5DH         LINE#         278
  C:0A5DH         LINE#         280
  C:0A5FH         LINE#         281
  C:0A6BH         LINE#         282
  C:0A6BH         LINE#         283
BL51 BANKED LINKER/LOCATER V6.22                                                      06/01/2023  11:46:38  PAGE 10


  C:0A71H         LINE#         284
  C:0A78H         LINE#         285
  C:0A83H         LINE#         286
  C:0A88H         LINE#         287
  C:0A8CH         LINE#         288
  C:0A8EH         LINE#         289
  -------         ENDPROC       CLEAR
  -------         PROC          MODEL_SELECT
  C:0A8FH         LINE#         291
  C:0A8FH         LINE#         292
  C:0A8FH         LINE#         293
  C:0AA0H         LINE#         294
  C:0AA0H         LINE#         295
  C:0AA0H         LINE#         296
  C:0AA3H         LINE#         297
  C:0AA9H         LINE#         298
  C:0AAAH         LINE#         299
  C:0AAAH         LINE#         300
  C:0AADH         LINE#         301
  C:0AB3H         LINE#         302
  C:0AB8H         LINE#         303
  C:0AB9H         LINE#         304
  C:0AB9H         LINE#         305
  C:0ABEH         LINE#         306
  C:0ABEH         LINE#         307
  C:0ABEH         LINE#         308
  C:0ABEH         LINE#         309
  -------         ENDPROC       MODEL_SELECT
  -------         PROC          TIMER_ISR
  C:0A16H         LINE#         311
  C:0A27H         LINE#         313
  C:0A2AH         LINE#         314
  C:0A32H         LINE#         315
  C:0A40H         LINE#         316
  C:0A40H         LINE#         317
  C:0A44H         LINE#         318
  C:0A47H         LINE#         319
  C:0A47H         LINE#         320
  C:0A4EH         LINE#         321
  -------         ENDPROC       TIMER_ISR
  -------         PROC          MAIN
  C:097FH         LINE#         323
  C:097FH         LINE#         324
  C:097FH         LINE#         325
  C:0982H         LINE#         326
  C:0985H         LINE#         327
  C:0988H         LINE#         328
  C:0988H         LINE#         329
  C:0988H         LINE#         330
  C:0990H         LINE#         331
  C:0996H         LINE#         332
  C:0996H         LINE#         333
  C:099AH         LINE#         334
  C:099DH         LINE#         335
  C:09A0H         LINE#         336
  C:09A0H         LINE#         337
  C:09A3H         LINE#         338
BL51 BANKED LINKER/LOCATER V6.22                                                      06/01/2023  11:46:38  PAGE 11


  C:09A8H         LINE#         339
  C:09A8H         LINE#         340
  C:09B4H         LINE#         341
  C:09B7H         LINE#         342
  C:09BAH         LINE#         343
  C:09C1H         LINE#         344
  C:09C4H         LINE#         345
  C:09C4H         LINE#         346
  C:09CAH         LINE#         347
  C:09CAH         LINE#         348
  C:09CDH         LINE#         349
  C:09CDH         LINE#         350
  -------         ENDPROC       MAIN
  -------         ENDMOD        MAIN

  -------         MODULE        ?C?FPADD
  C:0015H         PUBLIC        ?C?FPADD
  C:0011H         PUBLIC        ?C?FPSUB
  -------         ENDMOD        ?C?FPADD

  -------         MODULE        ?C?FPMUL
  C:0106H         PUBLIC        ?C?FPMUL
  -------         ENDMOD        ?C?FPMUL

  -------         MODULE        ?C?FPDIV
  C:020FH         PUBLIC        ?C?FPDIV
  -------         ENDMOD        ?C?FPDIV

  -------         MODULE        ?C?FPCMP
  C:02AEH         PUBLIC        ?C?FPCMP
  C:02ACH         PUBLIC        ?C?FPCMP3
  -------         ENDMOD        ?C?FPCMP

  -------         MODULE        ?C?FCAST
  C:0323H         PUBLIC        ?C?FCASTC
  C:031EH         PUBLIC        ?C?FCASTI
  C:0319H         PUBLIC        ?C?FCASTL
  -------         ENDMOD        ?C?FCAST

  -------         MODULE        ?C?CASTF
  C:0357H         PUBLIC        ?C?CASTF
  -------         ENDMOD        ?C?CASTF

  -------         MODULE        LOG
  C:0512H         PUBLIC        _LOG
  C:050EH         PUBLIC        _LOG10
  -------         ENDMOD        LOG

  -------         MODULE        ?C?SIDIV
  C:0425H         PUBLIC        ?C?SIDIV
  -------         ENDMOD        ?C?SIDIV

  -------         MODULE        ?C?LNEG
  C:045BH         PUBLIC        ?C?LNEG
  -------         ENDMOD        ?C?LNEG

  -------         MODULE        ?C?LLDCODE
BL51 BANKED LINKER/LOCATER V6.22                                                      06/01/2023  11:46:38  PAGE 12


  C:0469H         PUBLIC        ?C?LLDCODE
  -------         ENDMOD        ?C?LLDCODE

  -------         MODULE        ?C?LLDCODE0
  C:0479H         PUBLIC        ?C?LLDCODE0
  -------         ENDMOD        ?C?LLDCODE0

  -------         MODULE        ?C?UIDIV
  C:0489H         PUBLIC        ?C?UIDIV
  -------         ENDMOD        ?C?UIDIV

Program Size: data=66.1 xdata=8000 code=2892
LINK/LOCATE RUN COMPLETE.  0 WARNING(S),  0 ERROR(S)
