C51 COMPILER V9.01   MAIN                                                                  05/18/2023 12:42:59 PAGE 1   


C51 COMPILER V9.01, COMPILATION OF MODULE MAIN
OBJECT MODULE PLACED IN main.OBJ
COMPILER INVOKED BY: D:\C51\BIN\C51.EXE main.c BROWSE INCDIR(..\..\App;..\..\Public) DEBUG OBJECTEXTEND

line level    source

   1          /*
   2           * @ packaged_edition
   3           * - package edition 主程序
   4           * - 各模块封装于 Projects, App, Obj, Public 文件夹中便于维护
   5           * - ../../demos文件夹为 master git 库，用于版本控制
   6           *
   7           */
   8          //==头文件==
   9          #include <STC12C5A.h> // 51标准头文件
  10          #include <absacc.h>       // 时钟分频？
  11          #include <intrins.h>  // 用于调用系统延时函数 _nop_()
  12          #include <math.h>         // 用于调用数学函数 sin, abs等
  13          #include "adda.h"
  14          #include "key.h"
  15          #include "led.h"
  16          //==========
  17          //==函数声明==
  18          void init_ad();//A/D初始化
  19          void init_special_interrupts(); // 中断初始化
  20          void init_timer0(); // 定时器0初始化
  21          //============
  22          //==函数体==
  23          void main()
  24          {                                                                                                                                                                                                                                                                                                   
  25   1          init_timer0();
  26   1          init_special_interrupts();
  27   1          init_ad();
  28   1          while (1)
  29   1          { 
  30   2                      if(key_sta & 0x01){//key_sta.0 = 0x01? key_sta.0 = 1检测到按键按下
  31   3                              mode_select();
  32   3                              key_sta = key_sta & 0xfe;//key_sta.0 = 0,按键弹起，等待下一次检测到按下
  33   3                      }
  34   2          }
  35   1      }
  36          void interrupt_timer0() interrupt 1 // 定时器0中断处理
  37          {
  38   1              EA = 0;
  39   1              ad_result = ad_get();
  40   1      
  41   1      }
  42          void init_ad() // ad寄存器初始化
  43          {
  44   1          P1ASF = 0x08;     // P1.3作为ad输入
  45   1          ADC_CONTR = 0xE3; // ADC控制寄存器         Bit7    Bit6    Bit5    Bit4    Bit3    Bit2    Bit1    Bit
             -0
  46   1                            // 位描述            ADC_POWER  SPEED1 SPEED0 ADC_FLAG ADC_START CHS2    CHS1    CHS
             -0
  47   1                            // 初始值=0000,0000      0       0       0       0       0       0       0       0
  48   1                            // 设置值=0000,0000      1       1       1       0       0       0       1       1
  49   1          AUXR1 &= 0xfb;    // 高8位存储在在ADC_RES
  50   1          CLK_DIV = 0x01;   // 系统时钟/2
  51   1      }
  52          void init_timer0() // 定时器0初始化
  53          {                  // 1/4ms
C51 COMPILER V9.01   MAIN                                                                  05/18/2023 12:42:59 PAGE 2   

  54   1          TMOD &= 0XF0;  // Timer0设置清除
  55   1          TMOD |= 0X02;  // 8位自动重载模式
  56   1          TL0 = 0X06;
  57   1          TH0 = 0X06;
  58   1          TR0 = 1;
  59   1          ET0 = 1;
  60   1      }
  61          void init_special_interrupts() // 中断初始化
  62          {
  63   1          EX0 = 0;
  64   1          ET0 = 1; // 定时器0中断
  65   1          EX1 = 0;
  66   1          ET1 = 1; // 定时器1中断
  67   1          ES = 1;      // 外部中断
  68   1          EA = 1;  // 总中断
  69   1          PT0 = 0;
  70   1          PX1 = 1;
  71   1          PS = 0;
  72   1      }
  73          //==========


MODULE INFORMATION:   STATIC OVERLAYABLE
   CODE SIZE        =    134    ----
   CONSTANT SIZE    =   ----    ----
   XDATA SIZE       =   ----    ----
   PDATA SIZE       =   ----    ----
   DATA SIZE        =   ----    ----
   IDATA SIZE       =   ----    ----
   BIT SIZE         =   ----    ----
END OF MODULE INFORMATION.


C51 COMPILATION COMPLETE.  0 WARNING(S),  0 ERROR(S)
