C51 COMPILER V9.01   DEMO1                                                                 03/30/2023 15:42:36 PAGE 1   


C51 COMPILER V9.01, COMPILATION OF MODULE DEMO1
OBJECT MODULE PLACED IN demo1.OBJ
COMPILER INVOKED BY: D:\C51\BIN\C51.EXE demo1.c BROWSE DEBUG OBJECTEXTEND

line level    source

   1          #include <reg51.h>                              // special function register declarations
   2          #include<absacc.h>
   3          
   4          void init_timer0();
   5          void init_special_interrupts();
   6          
   7          //unsigned char  xdata buff[LEN];
   8          
   9          unsigned char       dspbuf[4]={0x7d,0x23,0x29,0x4d},sel=0;
  10          unsigned int        adcount=0;
  11          
  12          sbit D_SER     = P1^0;
  13          sbit D_SRCLK   = P1^1;
  14          sbit D_RCLK    = P1^2;
  15          //---------------------------------------------------------------------------------------
  16          void init_timer0(void)              //  定时器0初始
  17            {
  18   1        TMOD &= 0XF0;
  19   1        TMOD |= 0X02;
  20   1        TL0 = 0X06;
  21   1        TH0 = 0X06;
  22   1        TR0 = 1;
  23   1        ET0 = 1;
  24   1        }
  25          //---------------------------------------------------------------------------------------
  26          void init_special_interrupts(void)   //  中断设置
  27            {
  28   1        EX0 = 0;
  29   1        ET0 = 1;
  30   1        EX1 = 0;
  31   1        ET1 = 0;
  32   1        ES  = 1;
  33   1        EA  = 1;
  34   1        PT0 = 0;
  35   1        PX1 = 1;
  36   1        PS  = 0;
  37   1        }
  38          //---------------------------------------------------------------------------------------
  39          void dsptask()
  40            {
  41   1        unsigned char i;
  42   1        unsigned char a,b;
  43   1      
  44   1        switch(sel)
  45   1         {
  46   2         case 0:  a=0x01;  break;
  47   2         case 1:  a=0x02;  break;
  48   2         case 2:  a=0x04;  break;
  49   2         default: a=0x08;
  50   2         }
  51   1       for(b=0x80,i=0;i<8;i++)
  52   1          {
  53   2          if(a&b)  D_SER=1;
  54   2          else     D_SER=0;
  55   2          D_SRCLK=0;
C51 COMPILER V9.01   DEMO1                                                                 03/30/2023 15:42:36 PAGE 2   

  56   2          D_SRCLK=1;
  57   2          D_SRCLK=0;
  58   2          b=b>>1;  //b=b&0x7f;
  59   2          }
  60   1        a=dspbuf[sel];
  61   1        sel++;
  62   1        if(sel>=4) sel=0;
  63   1        for(b=0x80,i=0;i<8;i++)
  64   1          {
  65   2          if(a&b)  D_SER=1;
  66   2          else     D_SER=0;
  67   2          D_SRCLK=0;
  68   2          D_SRCLK=1;
  69   2          D_SRCLK=0;
  70   2          b=b>>1;  b=b&0x7fff;
  71   2          }
  72   1        D_RCLK=0;
  73   1        D_RCLK=1;
  74   1        D_RCLK=0;
  75   1        }
  76          //-----------------------------------
  77          void timer_isr() interrupt 1           //定时器0中断处理
  78            {
  79   1        EA=0;
  80   1        adcount++;
  81   1        if(adcount==20)                      // 1/4*20 = 5ms
  82   1          {
  83   2          adcount=0;
  84   2          dsptask();
  85   2          }
  86   1        EA=1;
  87   1        }
  88          //---------------------------------------------------------------------------------------
  89          void main(void)                    // 主函数
  90            {
  91   1        init_timer0();                  //初始化定时器0
  92   1        init_special_interrupts();      //设置中断
  93   1        for(;;);
  94   1        }
  95          //-----------------------------------End------------------------------------------------
  96          


MODULE INFORMATION:   STATIC OVERLAYABLE
   CODE SIZE        =    205    ----
   CONSTANT SIZE    =   ----    ----
   XDATA SIZE       =   ----    ----
   PDATA SIZE       =   ----    ----
   DATA SIZE        =      7    ----
   IDATA SIZE       =   ----    ----
   BIT SIZE         =   ----    ----
END OF MODULE INFORMATION.


C51 COMPILATION COMPLETE.  0 WARNING(S),  0 ERROR(S)
